EVA1_4_CREATE_TABLE2.0

MySQL Shell 8.0.35

Copyright (c) 2016, 2023, Oracle and/or its affiliates.
Oracle is a registered trademark of Oracle Corporation and/or its affiliates.
Other names may be trademarks of their respective owners.

Type '\help' or '\?' for help; '\quit' to exit.
 MySQL  JS > \sql
Switching to SQL mode... Commands end with ;
 MySQL  SQL > use tbd_1_eva1
ERROR: Not connected.
Not connected.
 MySQL  SQL > connect --mc root@localhost
ERROR: Not connected.
           -> ^C
 MySQL  SQL > connect mc-- root@localhost
ERROR: Not connected.
           -> ^C
 MySQL  SQL > \connect --mc root@localhost
Creating a Classic session to 'root@localhost'
Fetching global names for auto-completion... Press ^C to stop.
Your MySQL connection id is 8
Server version: 8.0.35 MySQL Community Server - GPL
No default schema selected; type \use <schema> to set one.
 MySQL  localhost:3306 ssl  SQL > use tbd_1_eva1
MySQL Error 1049: Unknown database 'tbd_1_eva1'
 MySQL  localhost:3306 ssl  SQL > show databases;
+--------------------+
| Database           |
+--------------------+
| information_schema |
| mysql              |
| performance_schema |
| sakila             |
| sys                |
| tbd_eva_1          |
| world              |
+--------------------+
7 rows in set (0.0056 sec)
 MySQL  localhost:3306 ssl  SQL > use tbd_eva_1
Default schema set to `tbd_eva_1`.
Fetching global names, object names from `tbd_eva_1` for auto-completion... Press ^C to stop.
 MySQL  localhost:3306 ssl  tbd_eva_1  SQL > create table Vehiculo(
                                          -> Marca varchar(20),
                                          -> Modelo varchar(30),
                                          -> Year int,
                                          -> Color varchar(20),
                                          -> No_Serie varchar(17));
Query OK, 0 rows affected (0.0640 sec)
 MySQL  localhost:3306 ssl  tbd_eva_1  SQL > desc Vehiculo;
+----------+-------------+------+-----+---------+-------+
| Field    | Type        | Null | Key | Default | Extra |
+----------+-------------+------+-----+---------+-------+
| Marca    | varchar(20) | YES  |     | NULL    |       |
| Modelo   | varchar(30) | YES  |     | NULL    |       |
| Year     | int         | YES  |     | NULL    |       |
| Color    | varchar(20) | YES  |     | NULL    |       |
| No_Serie | varchar(17) | YES  |     | NULL    |       |
+----------+-------------+------+-----+---------+-------+
5 rows in set (0.0058 sec)
 MySQL  localhost:3306 ssl  tbd_eva_1  SQL > show create
                                          -> ^C
 MySQL  localhost:3306 ssl  tbd_eva_1  SQL > show create table Vehiculo;
+----------+----------------------------------------------------------------------------------------------------------------------------------------------------------------------------------------------------------------------------------------------------------------------------+
| Table    | Create Table

                                        |
+----------+----------------------------------------------------------------------------------------------------------------------------------------------------------------------------------------------------------------------------------------------------------------------------+
| Vehiculo | CREATE TABLE `vehiculo` (
  `Marca` varchar(20) DEFAULT NULL,
  `Modelo` varchar(30) DEFAULT NULL,
  `Year` int DEFAULT NULL,
  `Color` varchar(20) DEFAULT NULL,
  `No_Serie` varchar(17) DEFAULT NULL
) ENGINE=InnoDB DEFAULT CHARSET=utf8mb4 COLLATE=utf8mb4_0900_ai_ci |
+----------+----------------------------------------------------------------------------------------------------------------------------------------------------------------------------------------------------------------------------------------------------------------------------+
1 row in set (0.0062 sec)
 MySQL  localhost:3306 ssl  tbd_eva_1  SQL > show tables;
+---------------------+
| Tables_in_tbd_eva_1 |
+---------------------+
| persona             |
| vehiculo            |
+---------------------+
2 rows in set (0.0017 sec)
 MySQL  localhost:3306 ssl  tbd_eva_1  SQL > desc Vehiculo;
+----------+-------------+------+-----+---------+-------+
| Field    | Type        | Null | Key | Default | Extra |
+----------+-------------+------+-----+---------+-------+
| Marca    | varchar(20) | YES  |     | NULL    |       |
| Modelo   | varchar(30) | YES  |     | NULL    |       |
| Year     | int         | YES  |     | NULL    |       |
| Color    | varchar(20) | YES  |     | NULL    |       |
| No_Serie | varchar(17) | YES  |     | NULL    |       |
+----------+-------------+------+-----+---------+-------+
5 rows in set (0.0025 sec)
 MySQL  localhost:3306 ssl  tbd_eva_1  SQL > insert into Vehiculo
                                          -> value("Ford","Mustang",1970,"Azul","FMASDHA");
Query OK, 1 row affected (0.0406 sec)
 MySQL  localhost:3306 ssl  tbd_eva_1  SQL > insert into Vehiculo(Marca, Modelo)
                                          -> value("Chevrolet","Corvette");
Query OK, 1 row affected (0.0335 sec)
 MySQL  localhost:3306 ssl  tbd_eva_1  SQL > insert into Vehiculo(Marca, Modelo)
                                          -> values("Tesla","S"),("Tesla","E"),("Tesla","X"),("Tesla","Y"),("Tesla","Cybertruck");
Query OK, 5 rows affected (0.0307 sec)

Records: 5  Duplicates: 0  Warnings: 0
 MySQL  localhost:3306 ssl  tbd_eva_1  SQL > select*from Vehiculo;
+-----------+------------+------+-------+----------+
| Marca     | Modelo     | Year | Color | No_Serie |
+-----------+------------+------+-------+----------+
| Ford      | Mustang    | 1970 | Azul  | FMASDHA  |
| Chevrolet | Corvette   | NULL | NULL  | NULL     |
| Tesla     | S          | NULL | NULL  | NULL     |
| Tesla     | E          | NULL | NULL  | NULL     |
| Tesla     | X          | NULL | NULL  | NULL     |
| Tesla     | Y          | NULL | NULL  | NULL     |
| Tesla     | Cybertruck | NULL | NULL  | NULL     |
+-----------+------------+------+-------+----------+
7 rows in set (0.0008 sec)
 MySQL  localhost:3306 ssl  tbd_eva_1  SQL > insert into Vehiculo(Marca, Modelo)
                                          -> value()
                                          -> ^C
 MySQL  localhost:3306 ssl  tbd_eva_1  SQL > insert into Vehiculo(Marca, Modelo)
                                          -> value("Tesla","S");
Query OK, 1 row affected (0.0046 sec)
 MySQL  localhost:3306 ssl  tbd_eva_1  SQL > select*from Vehiculo;
+-----------+------------+------+-------+----------+
| Marca     | Modelo     | Year | Color | No_Serie |
+-----------+------------+------+-------+----------+
| Ford      | Mustang    | 1970 | Azul  | FMASDHA  |
| Chevrolet | Corvette   | NULL | NULL  | NULL     |
| Tesla     | S          | NULL | NULL  | NULL     |
| Tesla     | E          | NULL | NULL  | NULL     |
| Tesla     | X          | NULL | NULL  | NULL     |
| Tesla     | Y          | NULL | NULL  | NULL     |
| Tesla     | Cybertruck | NULL | NULL  | NULL     |
| Tesla     | S          | NULL | NULL  | NULL     |
+-----------+------------+------+-------+----------+
8 rows in set (0.0006 sec)
 MySQL  localhost:3306 ssl  tbd_eva_1  SQL > insert into Vehiculo
                                          -> ^C
 MySQL  localhost:3306 ssl  tbd_eva_1  SQL > insert into Vehiculo
                                          -> ^C
 MySQL  localhost:3306 ssl  tbd_eva_1  SQL > select count(*) from Vehiculo;
+----------+
| count(*) |
+----------+
|        8 |
+----------+
1 row in set (1.2346 sec)
 MySQL  localhost:3306 ssl  tbd_eva_1  SQL > insert into Vehiculo
                                          -> value(null, null, null, null, null);
Query OK, 1 row affected (0.0090 sec)
 MySQL  localhost:3306 ssl  tbd_eva_1  SQL > select*from Vehiculo;
+-----------+------------+------+-------+----------+
| Marca     | Modelo     | Year | Color | No_Serie |
+-----------+------------+------+-------+----------+
| Ford      | Mustang    | 1970 | Azul  | FMASDHA  |
| Chevrolet | Corvette   | NULL | NULL  | NULL     |
| Tesla     | S          | NULL | NULL  | NULL     |
| Tesla     | E          | NULL | NULL  | NULL     |
| Tesla     | X          | NULL | NULL  | NULL     |
| Tesla     | Y          | NULL | NULL  | NULL     |
| Tesla     | Cybertruck | NULL | NULL  | NULL     |
| Tesla     | S          | NULL | NULL  | NULL     |
| NULL      | NULL       | NULL | NULL  | NULL     |
+-----------+------------+------+-------+----------+
9 rows in set (0.0006 sec)
 MySQL  localhost:3306 ssl  tbd_eva_1  SQL > select count(*) from Vehiculo;
+----------+
| count(*) |
+----------+
|        9 |
+----------+
1 row in set (0.0019 sec)
 MySQL  localhost:3306 ssl  tbd_eva_1  SQL > create table prueba(
                                          -> dato varchar(20) not null);
Query OK, 0 rows affected (0.0564 sec)
 MySQL  localhost:3306 ssl  tbd_eva_1  SQL > desc prueba
                                          -> ^C
 MySQL  localhost:3306 ssl  tbd_eva_1  SQL > desc prueba;
+-------+-------------+------+-----+---------+-------+
| Field | Type        | Null | Key | Default | Extra |
+-------+-------------+------+-----+---------+-------+
| dato  | varchar(20) | NO   |     | NULL    |       |
+-------+-------------+------+-----+---------+-------+
1 row in set (0.0020 sec)
 MySQL  localhost:3306 ssl  tbd_eva_1  SQL > insert into prueba
                                          -> value("Hola");
Query OK, 1 row affected (0.0298 sec)
 MySQL  localhost:3306 ssl  tbd_eva_1  SQL > select *from prueba;
+------+
| dato |
+------+
| Hola |
+------+
1 row in set (0.0005 sec)
 MySQL  localhost:3306 ssl  tbd_eva_1  SQL > insert into prueba
                                          -> value (null);
ERROR: 1048 (23000): Column 'dato' cannot be null
 MySQL  localhost:3306 ssl  tbd_eva_1  SQL > select*from prueba;
+------+
| dato |
+------+
| Hola |
+------+
1 row in set (0.0006 sec)
 MySQL  localhost:3306 ssl  tbd_eva_1  SQL >